[backblue.gif]
[fade.gif]
[index.html]
[d3s2irdjyrlkk2.cloudfront.net/compiled/js/jqueryf072.js]
[d3s2irdjyrlkk2.cloudfront.net/index.html]
[fonts.googleapis.com/index.html]
[s3-img.pixpa.com/com/large/29611-1488962474-yjt-logo72png.png]
[d3s2irdjyrlkk2.cloudfront.net/compiled/css/components/common0859.css]
[d3s2irdjyrlkk2.cloudfront.net/compiled/css/themesv29313.css]
[d3s2irdjyrlkk2.cloudfront.net/compiled/css/mixcsseef3.css]
[d3s2irdjyrlkk2.cloudfront.net/compiled/css/components/photo-galleryfd70.css]
[d3s2irdjyrlkk2.cloudfront.net/compiled/css/components/light-gallery-custom3f3a.css]
[d3s2irdjyrlkk2.cloudfront.net/compiled/css/components/slideshow1f11.css]
[d3s2irdjyrlkk2.cloudfront.net/compiled/css/components/extended-footeraf67.css]
[d3s2irdjyrlkk2.cloudfront.net/compiled/css/vendor/lightgallery478a.css]
[d3s2irdjyrlkk2.cloudfront.net/compiled/css/vendor/lg-transitions828e.css]
[d3s2irdjyrlkk2.cloudfront.net/compiled/js/proofing-store2d2a.js]
[d3s2irdjyrlkk2.cloudfront.net/compiled/js/group8852.js]
[d3s2irdjyrlkk2.cloudfront.net/compiled/css/vendor/jquery.Jcropeed8.css]
[d3s2irdjyrlkk2.cloudfront.net/js/vendor/lazysizes/ls.respimg.min681a.js]
[d3s2irdjyrlkk2.cloudfront.net/compiled/js/common2241.js]
[d3s2irdjyrlkk2.cloudfront.net/compiled/js/theme-v2-global-store7559.js]
[d3s2irdjyrlkk2.cloudfront.net/compiled/js/ecommerce-common1a1b.js]
[d3s2irdjyrlkk2.cloudfront.net/compiled/js/client-proofing50ec.js]
[d3s2irdjyrlkk2.cloudfront.net/compiled/js/vendor/jquery.Jcropdf9e.js]
[d3s2irdjyrlkk2.cloudfront.net/compiled/js/galleryfdd5.js]
[d3s2irdjyrlkk2.cloudfront.net/compiled/js/lg/lg-all_97112.js]
[d3s2irdjyrlkk2.cloudfront.net/compiled/js/lg/lightgallery_custom_14ac7d.js]
[d3s2irdjyrlkk2.cloudfront.net/js/lg/froogaloop2.min681a.js]
[d3s2irdjyrlkk2.cloudfront.net/compiled/js/jquery.calendario2a1a.js]
[www.instagram.com/yasaminjtehrani/index.html]
[www.yasaminjtehrani.com/portfolio/covid-19.html]
[www.yasaminjtehrani.com/portfolio/black-lives-matter-protest-in-los-angeles.html]
[www.yasaminjtehrani.com/portfolio/2020.html]
[www.yasaminjtehrani.com/portfolio/iran.html]
[www.yasaminjtehrani.com/portfolio/fine-art.html]
[m.facebook.com/login7a96.html]
[www.yasaminjtehrani.com/portfolio/idaho-wyoming1.html]
[www.yasaminjtehrani.com/portfolio/salton-sea.html]
[www.yasaminjtehrani.com/portfolio/los-angeles.html]
[twitter.com/intent/tweet82a1.html]
[www.pixpa.com/index1a88.html]
[www.w3.org/2000/svg.html]
[www.tumblr.com/widgets/share/tool/preview7d47.html]
[www.youtube.com/iframe_api]
[www.yasaminjtehrani.com/filters_no_upscale()_quality(100)/index.html]
[d3s2irdjyrlkk2.cloudfront.net/compiled/js/jquery.focuspointe0fd.js]
[d3s2irdjyrlkk2.cloudfront.net/compiled/css/vendor/lightslider96f1.css]
[www.yasaminjtehrani.com/Trident/index.html]
[www.yasaminjtehrani.com/img/transparent-grid-text.png]
[d3s2irdjyrlkk2.cloudfront.net/compiled/js/vendor/lightslider7c16.js]
[www.google-analytics.com/analytics.js]
[www.google.com/recaptcha/enterpriseccc9.js]
[www.yasaminjtehrani.com/index.html]
[s3-img.pixpa.com/index.html]
[d3s2irdjyrlkk2.cloudfront.net/compiled/css/polaris9008.css]
[d3s2irdjyrlkk2.cloudfront.net/compiled/css/components/photo-gallery1324.css]
[d3s2irdjyrlkk2.cloudfront.net/compiled/css/components/mobileapp05a4.css]
[d3s2irdjyrlkk2.cloudfront.net/compiled/css/components/photogallery-img-comments6634.css]
[d3s2irdjyrlkk2.cloudfront.net/js/vendor/lazysizes/ls.bgset.min681a.js]
[d3s2irdjyrlkk2.cloudfront.net/compiled/js/all4c32.js]
[d3s2irdjyrlkk2.cloudfront.net/user-css-create/999999/35748fba3.css]
[d3s2irdjyrlkk2.cloudfront.net/demo-page-from-polaris.html]
[d3s2irdjyrlkk2.cloudfront.net/blog.html]
[d3s2irdjyrlkk2.cloudfront.net/about.html]
[d3s2irdjyrlkk2.cloudfront.net/bhhg.html]
[d3s2irdjyrlkk2.cloudfront.net/index.html]
[d3s2irdjyrlkk2.cloudfront.net/img/transparent-grid-text.png]
[d3s2irdjyrlkk2.cloudfront.net/Trident/index.html]
[d3s2irdjyrlkk2.cloudfront.net/filters_no_upscale()_quality(100)/index.html]
[fonts.googleapis.com/index.html]
[fonts.gstatic.com/index.html]
[fonts.gstatic.com/s/josefinsans/v25/Qw3PZQNVED7rKGKxtqIqX5E-AVSJrOCfjY46_DjQbMZhKg.ttf]
[fonts.gstatic.com/s/nunitosans/v12/pe0qMImSLYBIv1o4X1M8cce9I94.ttf]
[fonts.googleapis.com/css8cbd.css]
[d3s2irdjyrlkk2.cloudfront.net/compiled/css/components/common0859.css]
[d3s2irdjyrlkk2.cloudfront.net/compiled/css/themesv29313.css]
[d3s2irdjyrlkk2.cloudfront.net/compiled/css/mixcsseef3.css]
[d3s2irdjyrlkk2.cloudfront.net/compiled/css/components/photo-galleryfd70.css]
[d3s2irdjyrlkk2.cloudfront.net/compiled/css/components/light-gallery-custom3f3a.css]
[d3s2irdjyrlkk2.cloudfront.net/compiled/css/components/slideshow1f11.css]
[d3s2irdjyrlkk2.cloudfront.net/compiled/css/components/extended-footeraf67.css]
[fonts.gstatic.com/s/spectral/v13/rnCr-xNNww_2s0amA9M5kn0.ttf]
[d3s2irdjyrlkk2.cloudfront.net/compiled/css/fonts/lgd641.eot]
[d3s2irdjyrlkk2.cloudfront.net/compiled/css/fonts/lgd41d.eot]
[d3s2irdjyrlkk2.cloudfront.net/compiled/css/fonts/lgd641.svg]
[d3s2irdjyrlkk2.cloudfront.net/compiled/css/img/loading.gif]
[d3s2irdjyrlkk2.cloudfront.net/compiled/css/vendor/lightgallery478a.css]
[d3s2irdjyrlkk2.cloudfront.net/compiled/css/vendor/lg-transitions828e.css]
[d3s2irdjyrlkk2.cloudfront.net/compiled/css/vendor/jquery.Jcropeed8.css]
[d3s2irdjyrlkk2.cloudfront.net/user-css-create/999999/296117037.css]
[www.yasaminjtehrani.com/store.html]
[d3s2irdjyrlkk2.cloudfront.net/compiled/css/components/storef697.css]
[www.instagram.com/yasaminjtehrani/theaustralian.com.au]
[www.instagram.com/yasaminjtehrani/indexfef7.html]
[www.instagram.com/yasaminjtehrani/index7d7c.html]
[www.instagram.com/yasaminjtehrani/indexa209.html]
[www.instagram.com/yasaminjtehrani/index0016.html]
[www.instagram.com/yasaminjtehrani/news.com.au]
[www.instagram.com/yasaminjtehrani/indexf854.html]
[www.instagram.com/yasaminjtehrani/indexde3a.html]
[www.instagram.com/yasaminjtehrani/index9e29.html]
[www.instagram.com/yasaminjtehrani/index0b8e.html]
[www.instagram.com/yasaminjtehrani/kollosche.com.au]
[www.instagram.com/yasaminjtehrani/index28b7.html]
[www.instagram.com/yasaminjtehrani/index6dd3.html]
[www.instagram.com/yasaminjtehrani/index232e.html]
[www.instagram.com/yasaminjtehrani/indexc581.html]
[www.instagram.com/yasaminjtehrani/awstrack.me]
[www.instagram.com/yasaminjtehrani/index.html]
[www.instagram.com/yasaminjtehrani/index539c.html]
[www.instagram.com/yasaminjtehrani/indexdc29.html]
[www.instagram.com/yasaminjtehrani/indexaaeb.html]
[www.instagram.com/yasaminjtehrani/indexecc8.html]
[www.instagram.com/yasaminjtehrani/indexc91a.html]
[www.linkedin.com/in/yasaminjtehrani/index.html]
[www.instagram.com/yasaminjtehrani/index014b.html]
[www.yasaminjtehrani.com/portfolio/covid-19.html]
[www.instagram.com/yasaminjtehrani/index0cf2.html]
[www.yasaminjtehrani.com/portfolio/2020.html]
[www.instagram.com/yasaminjtehrani/index7c40.html]
[www.yasaminjtehrani.com/portfolio/black-lives-matter-protest-in-los-angeles.html]
[www.instagram.com/yasaminjtehrani/index4017.html]
[www.yasaminjtehrani.com/portfolio/sports.html]
[www.instagram.com/yasaminjtehrani/index5a9d.html]
[www.yasaminjtehrani.com/portfolio/iran.html]
[www.instagram.com/yasaminjtehrani/indexb2db.html]
[www.yasaminjtehrani.com/portfolio/fine-art.html]
[www.instagram.com/yasaminjtehrani/index9201.html]
[www.yasaminjtehrani.com/portfolio/idaho-wyoming1.html]
[www.instagram.com/yasaminjtehrani/index1672.html]
[www.yasaminjtehrani.com/portfolio/salton-sea.html]
[www.instagram.com/yasaminjtehrani/index5083.html]
[www.yasaminjtehrani.com/portfolio/los-angeles.html]
[www.instagram.com/yasaminjtehrani/indexc13b.html]
[www.yasaminjtehrani.com/portfolio/mexico-city.html]
[www.instagram.com/yasaminjtehrani/index9e3e.html]
[www.instagram.com/yasaminjtehrani/index7a92.html]
[www.instagram.com/yasaminjtehrani/indexd294.html]
[www.instagram.com/yasaminjtehrani/index9841.html]
[d3s2irdjyrlkk2.cloudfront.net/compiled/css/old_custom_page_assetsd3bc.css]
[www.instagram.com/yasaminjtehrani/index0f5d.html]
[www.instagram.com/yasaminjtehrani/indexad0b.html]
[www.instagram.com/yasaminjtehrani/index5303.html]
[d3s2irdjyrlkk2.cloudfront.net/compiled/css/components/builder_lists9242.css]
[d3s2irdjyrlkk2.cloudfront.net/compiled/css/components/custom-pagec662.css]
[www.instagram.com/yasaminjtehrani/indexdb1e.html]
[www.instagram.com/yasaminjtehrani/indexff11.html]
[www.instagram.com/yasaminjtehrani/indexe9b2.html]
[d3s2irdjyrlkk2.cloudfront.net/compiled/js/dynamic-component63e4.js]
[www.instagram.com/yasaminjtehrani/index882e.html]
[www.instagram.com/yasaminjtehrani/indexf857.html]
[www.instagram.com/yasaminjtehrani/index6c7f.html]
[d3s2irdjyrlkk2.cloudfront.net/compiled/js/old_custom_page_assets6d83.js]
[www.instagram.com/yasaminjtehrani/index241a.html]
[www.instagram.com/yasaminjtehrani/index3a7e.html]
[www.instagram.com/yasaminjtehrani/index327f.html]
[www.instagram.com/yasaminjtehrani/index030f.html]
[s3-img.pixpa.com/com/large/fullsizerender-3-tvu3d8.jpg]
[www.instagram.com/yasaminjtehrani/index9d29.html]
[www.instagram.com/yasaminjtehrani/indexb058.html]
[www.instagram.com/yasaminjtehrani/index0fe5.html]
[www.instagram.com/yasaminjtehrani/index2a81.html]
[www.instagram.com/yasaminjtehrani/index9d00.html]
[www.instagram.com/yasaminjtehrani/index53ad.html]
[www.instagram.com/yasaminjtehrani/indexc4e8.html]
[d3s2irdjyrlkk2.cloudfront.net/compiled/css/vendor/flexsliderde14.css]
[www.instagram.com/yasaminjtehrani/indexf4a3.html]
[www.instagram.com/yasaminjtehrani/indexfafd.html]
[www.instagram.com/yasaminjtehrani/index514d.html]
[d3s2irdjyrlkk2.cloudfront.net/compiled/js/vendor/flexslider68cb.js]
[www.yasaminjtehrani.com/bio.html]
[d3s2irdjyrlkk2.cloudfront.net/js/vendor/pikaday-min681a.js]
[www.yasaminjtehrani.com/portfolio/Trident/index.html]
[www.instagram.com/yasaminjtehrani/android-app_/com.instagram.android/https/instagram.com/_u/yasaminjtehrani/index.html]
[s3-img.pixpa.com/com/large/fullsizerender-3-nhgc3m.jpg]
[www.yasaminjtehrani.com/contact.html]
[s3-img.pixpa.com/com/100/29611/1592011926-750648-spring-2020-issue-7-page-01.jpg]
[s3-img.pixpa.com/com/100/29611/1599617394-506001-screen-shot-2020-09-08-at-70924-pm.png]
[s3-img.pixpa.com/com/100/29611/1599616982-127332-img-6338.jpg]
[s3-img.pixpa.com/com/100/29611/1599617281-536888-screen-shot-2020-09-08-at-70455-pm.png]
[s3-img.pixpa.com/com/100/29611/1592011953-12840-spring-2020-issue-7-page-10.jpg]
[s3-img.pixpa.com/com/100/29611/1592011961-260144-spring-2020-issue-7-page-11.jpg]
[s3-img.pixpa.com/com/100/29611/1592011988-110275-spring-2020-issue-7-page-14.jpg]
[s3-img.pixpa.com/com/100/29611/1592011991-263523-spring-2020-issue-7-page-15.jpg]
[s3-img.pixpa.com/com/100/29611/1592011978-945934-spring-2020-issue-7-page-13.jpg]
[s3-img.pixpa.com/com/100/29611/1592011945-59348-spring-2020-issue-7-page-05.jpg]
[s3-img.pixpa.com/com/100/29611/1592011939-363442-spring-2020-issue-7-page-04.jpg]
[s3-img.pixpa.com/com/100/29611/1592012013-836170-spring-2020-issue-7-page-19.jpg]
[s3-img.pixpa.com/com/100/29611/1587498021-583871-screen-shot-2020-04-21-at-123841-pm.png]
[s3-img.pixpa.com/com/100/29611/1587496713-238033-the-corsair.jpg]
[s3-img.pixpa.com/com/100/29611/1587496713-130936-the-corsair.jpg]
[s3-img.pixpa.com/com/100/29611/1581375666-125884-bernie.jpg]
[s3-img.pixpa.com/com/100/29611/1581106900-851002-beo-o.jpg]
[s3-img.pixpa.com/com/100/29611/1581106833-646204-water-polo.jpg]
[s3-img.pixpa.com/com/100/29611/1581106827-530624-swim.jpg]
[s3-img.pixpa.com/com/100/29611/1581106821-531796-beto.jpg]
[s3-img.pixpa.com/com/100/29611/1581106708-63824-bernie-1.jpg]
[s3-img.pixpa.com/com/100/29611/1558636898-953256-spring-2019-the-corsair-issue-1-page-1.jpg]
[s3-img.pixpa.com/com/100/29611/1558637462-599820-cover-page-01.jpg]
[s3-img.pixpa.com/com/100/29611/1558637489-684435-cover-page-04.jpg]
[www.yasaminjtehrani.com/published.html]
[s3-img.pixpa.com/icons/infinite-loader-gray.svg]
[www.pixpa.com/websites.html]
[www.pixpa.com/fr/index1a88.html]
[www.pixpa.com/index.html]
[www.pixpa.com/es/index1a88.html]
[www.pixpa.com/stores.html]
[www.pixpa.com/nl/index1a88.html]
[www.pixpa.com/de/index1a88.html]
[www.pixpa.com/pt/index1a88.html]
[www.pixpa.com/ecommerce/galleries.html]
[www.pixpa.com/ja/index1a88.html]
[www.pixpa.com/ru/index1a88.html]
[www.pixpa.com/clientgalleries.html]
[www.pixpa.com/websites/mobile-gallery-apps.html]
[www.pixpa.com/start-blog.html]
[www.pixpa.com/tour/photography-website.html]
[www.pixpa.com/tour/graphic-design-portfolio.html]
[www.pixpa.com/tour/artist-website.html]
[www.pixpa.com/online-portfolio.html]
[www.pixpa.com/tour/model-website.html]
[www.pixpa.com/tour/fashion-design-portfolio.html]
[www.pixpa.com/tour/architecture-portfolio.html]
[www.pixpa.com/templates.html]
[www.pixpa.com/examples.html]
[www.pixpa.com/pricing]
[www.pixpa.com/why-pixpa.html]
[www.pixpa.com/blog.html]
[www.pixpa.com/clients.html]
[www.pixpa.com/students.html]
[www.pixpa.com/updates.html]
[www.pixpa.com/integrations.html]
[www.pixpa.com/partnerdeals.html]
[www.pixpa.com/affiliate]
[www.pixpa.com/affiliates.html]
[www.pixpa.com/website]
[www.pixpa.com/blog/seo-photographers.html]
[www.pixpa.com/features.html]
[www.pixpa.com/tour/wedding-website.html]
[www.pixpa.com/examples/photography.html]
[www.pixpa.com/examples/design.html]
[www.pixpa.com/examples/art.html]
[www.pixpa.com/examples/fashion.html]
[www.pixpa.com/examples/weddings.html]
[www.pixpa.com/examples/stores.html]
[www.pixpa.com/examples/design/architecture.html]
[www.pixpa.com/examples/client-galleries.html]
[www.pixpa.com/about-us.html]
[www.pixpa.com/contact-us]
[www.pixpa.com/terms-of-use.html]
[www.pixpa.com/privacy-policy.html]
[www.google.com/recaptcha/enterprisea7ed.js]
[www.pixpa.com/index1a88.html]
[m.facebook.com/login7a96.html]
[m.facebook.com/data/manifest/index.html]
[m.facebook.com/language/index2645.html]
[twitter.com/manifest.json]
[twitter.com/intent/tweet.html]
[twitter.com/intent/tweet9ed2.html]
[twitter.com/intent/tweetd6cc.html]
[twitter.com/intent/tweet5caa.html]
[twitter.com/intent/tweet1f03.html]
[twitter.com/intent/tweetbbc9.html]
[twitter.com/intent/tweeta35d.html]
[twitter.com/intent/tweet7b3f.html]
[twitter.com/intent/tweetc423.html]
[twitter.com/intent/tweet3322.html]
[twitter.com/intent/tweet4bed.html]
[twitter.com/intent/tweeta4c9.html]
[twitter.com/intent/tweetc69a.html]
[twitter.com/intent/tweetad9c.html]
[twitter.com/intent/tweete6ac.html]
[twitter.com/intent/tweet5720.html]
[twitter.com/intent/tweete68f.html]
[twitter.com/intent/tweet5242.html]
[twitter.com/intent/tweet4240.html]
[twitter.com/intent/tweet7d5b.html]
[twitter.com/intent/tweetb83f.html]
[twitter.com/intent/tweet64f4.html]
[twitter.com/intent/tweetef8e.html]
[twitter.com/intent/tweet1ebe.html]
[twitter.com/intent/tweeta30c.html]
[twitter.com/intent/tweet9bb4.html]
[twitter.com/intent/tweet546e.html]
[twitter.com/intent/tweetcf53.html]
[twitter.com/intent/tweetc9e6.html]
[twitter.com/intent/tweet21c9.html]
[twitter.com/intent/tweet7542.html]
[twitter.com/intent/tweetc203.html]
[twitter.com/intent/tweet99dc.html]
[twitter.com/intent/tweet2bc7.html]
[twitter.com/intent/tweetcdb1.html]
[twitter.com/intent/tweet6bf8.html]
[twitter.com/intent/tweet923c.html]
[twitter.com/intent/tweet0b5e.html]
[twitter.com/intent/tweet2139.html]
[twitter.com/intent/tweet08c7.html]
[twitter.com/intent/tweet6e27.html]
[twitter.com/intent/tweet9e93.html]
[twitter.com/intent/tweet880d.html]
[twitter.com/intent/tweetcc5a.html]
[twitter.com/intent/tweet2296.html]
[twitter.com/intent/tweet9277.html]
[twitter.com/intent/tweetadd9.html]
[twitter.com/intent/tweete034.html]
[twitter.com/intent/tweet4786.html]
[twitter.com/intent/tweet3454.html]
[twitter.com/intent/tweet42d0.html]
[twitter.com/opensearch.xml]
[twitter.com/tos.e7.delayed]
[twitter.com/en/tos.html]
[twitter.com/privacy.e9.delayed]
[twitter.com/intent/tweet82a1.html]
[pinterest.com/pin/create/button/index82a1.html]
[twitter.com/en/privacy.html]
[www.tumblr.com/login40d4.html]
[www.tumblr.com/_https_/www.pixpa.com/_/u003EPixpa.ec.delayed]
[www.tumblr.com/widgets/share/tool/preview7d47.html]
[www.w3.org/2000/svg.html]
[www.yasaminjtehrani.com/filters_no_upscale()_quality(100)/index.html]
[d3s2irdjyrlkk2.cloudfront.net/compiled/css/focuspointfa61.css]
[www.yasaminjtehrani.com/Trident/index.html]
[d3s2irdjyrlkk2.cloudfront.net/compiled/css/vendor/lightslider96f1.css]
[fonts.gstatic.com/s/opensans/v34/memSYaGs126MiZpBA-UvWbX2vVnXBbObj2OVZyOOSr4dVJWUgsjZ0B4gaVc.ttf]
[fonts.gstatic.com/s/opensans/v34/memSYaGs126MiZpBA-UvWbX2vVnXBbObj2OVZyOOSr4dVJWUgsgH1x4gaVc.ttf]
[fonts.googleapis.com/cssda6f.css]
[fonts.gstatic.com/s/opensans/v34/memSYaGs126MiZpBA-UvWbX2vVnXBbObj2OVZyOOSr4dVJWUgsg-1x4gaVc.ttf]
[fonts.googleapis.com/css0865.css]
[d3s2irdjyrlkk2.cloudfront.net/compiled/css/polaris9008.css]
[d3s2irdjyrlkk2.cloudfront.net/compiled/css/components/photo-gallery1324.css]
[d3s2irdjyrlkk2.cloudfront.net/compiled/css/components/mobileapp05a4.css]
[d3s2irdjyrlkk2.cloudfront.net/compiled/css/components/photogallery-img-comments6634.css]
[d3s2irdjyrlkk2.cloudfront.net/user-css-create/999999/35748fba3.css]
[fonts.gstatic.com/s/worksans/v18/QGY_z_wNahGAdqQ43RhVcIgYT2Xz5u32K0nXBi8Jow.ttf]
[d3s2irdjyrlkk2.cloudfront.net/demo-page-from-polaris.html]
[d3s2irdjyrlkk2.cloudfront.net/compiled/css/components/blog1da9.css]
[s3-img.pixpa.com/com/large/24563-1463576620-blogjpg.jpg]
[d3s2irdjyrlkk2.cloudfront.net/blog/adventure.html]
[s3-img.pixpa.com/com/large/1517435022-sharon-pittaway-98257.jpg]
[s3-img.pixpa.com/com/large/1517435009-amanda-gohty-420845.jpg]
[m.facebook.com/login1ea5.html]
[twitter.com/intent/tweetcdeb.html]
[www.tumblr.com/widgets/share/tool/preview578a.html]
[d3s2irdjyrlkk2.cloudfront.net/blog/travel.html]
[d3s2irdjyrlkk2.cloudfront.net/blog/tag/travel.html]
[d3s2irdjyrlkk2.cloudfront.net/blog/tag/world.html]
[d3s2irdjyrlkk2.cloudfront.net/blog/tag/hiker.html]
[s3-img.pixpa.com/com/large/24563-1476869829-24563-1456066638-2dfa0227df.jpg]
[www.youtube.com/embed/0oPa3GJJDDA.html]
[m.facebook.com/loginfdab.html]
[twitter.com/intent/tweet5b44.html]
[www.tumblr.com/widgets/share/tool/preview33bf.html]
[d3s2irdjyrlkk2.cloudfront.net/blog/hike.html]
[d3s2irdjyrlkk2.cloudfront.net/blog/tag/hike.html]
[d3s2irdjyrlkk2.cloudfront.net/blog/tag/adventure.html]
[d3s2irdjyrlkk2.cloudfront.net/blog/tag/ticket.html]
[s3-img.pixpa.com/com/large/24563-1456066750-fg3ws4kzwu.jpg]
[m.facebook.com/login1e0a.html]
[twitter.com/intent/tweet3be3.html]
[www.tumblr.com/widgets/share/tool/preview04ad.html]
[d3s2irdjyrlkk2.cloudfront.net/blog.html]
[d3s2irdjyrlkk2.cloudfront.net/compiled/css/components/form-page445b.css]
[d3s2irdjyrlkk2.cloudfront.net/compiled/css/components/instagram3b7d.css]
[d3s2irdjyrlkk2.cloudfront.net/compiled/css/components/builder_lists318b.css]
[d3s2irdjyrlkk2.cloudfront.net/compiled/css/components/cover-design2e9a.css]
[d3s2irdjyrlkk2.cloudfront.net/assets/minimalist-basic/a13-1.jpg]
[d3s2irdjyrlkk2.cloudfront.net/about.html]
[d3s2irdjyrlkk2.cloudfront.net/js/lg/lg-custompaged61c.js]
[d3s2irdjyrlkk2.cloudfront.net/bhhg.html]
[d3s2irdjyrlkk2.cloudfront.net/filters_no_upscale()_quality(100)/index.html]
[d3s2irdjyrlkk2.cloudfront.net/Trident/index.html]
[d3s2irdjyrlkk2.cloudfront.net/compiled/css/fonts/lgd641.html]
[d3s2irdjyrlkk2.cloudfront.net/compiled/css/fonts/lgd41d.html]
[d3s2irdjyrlkk2.cloudfront.net/compiled/css/fonts/lgd641-2.html]
[d3s2irdjyrlkk2.cloudfront.net/compiled/css/fonts/lgd641-3.html]
[d3s2irdjyrlkk2.cloudfront.net/compiled/css/fonts/lgd641-4.html]
[d3s2irdjyrlkk2.cloudfront.net/compiled/css/img/loading.html]
[d3s2irdjyrlkk2.cloudfront.net/compiled/css/components/storef697.css]
[www.instagram.com/yasaminjtehrani/indexfef7.html]
[www.instagram.com/yasaminjtehrani/index7d7c.html]
[www.instagram.com/yasaminjtehrani/indexa209.html]
[www.instagram.com/yasaminjtehrani/index0016.html]
[www.instagram.com/yasaminjtehrani/indexde3a.html]
[www.instagram.com/yasaminjtehrani/index0b8e.html]
[www.instagram.com/yasaminjtehrani/indexf854.html]
[www.instagram.com/yasaminjtehrani/index9e29.html]
[www.instagram.com/yasaminjtehrani/index232e.html]
[www.instagram.com/yasaminjtehrani/index28b7.html]
[www.instagram.com/yasaminjtehrani/index6dd3.html]
[www.instagram.com/yasaminjtehrani/indexc581.html]
[www.instagram.com/yasaminjtehrani/index539c.html]
[www.instagram.com/yasaminjtehrani/indexecc8.html]
[www.instagram.com/yasaminjtehrani/indexaaeb.html]
[www.instagram.com/yasaminjtehrani/mount_0_0_h.151.delayed]
[www.instagram.com/yasaminjtehrani/indexdc29.html]
[www.instagram.com/yasaminjtehrani/index014b.html]
[www.instagram.com/yasaminjtehrani/indexc91a.html]
[www.instagram.com/yasaminjtehrani/index0cf2.html]
[www.instagram.com/yasaminjtehrani/mount_0_0_s]
[www.instagram.com/yasaminjtehrani/index7c40.html]
[www.instagram.com/yasaminjtehrani/index4017.html]
[www.instagram.com/yasaminjtehrani/index5a9d.html]
[www.instagram.com/yasaminjtehrani/indexb2db.html]
[www.instagram.com/yasaminjtehrani/index9201.html]
[www.instagram.com/yasaminjtehrani/index1672.html]
[www.instagram.com/yasaminjtehrani/index5083.html]
[www.instagram.com/yasaminjtehrani/index7a92.html]
[www.instagram.com/yasaminjtehrani/indexc13b.html]
[www.instagram.com/yasaminjtehrani/index9e3e.html]
[www.instagram.com/yasaminjtehrani/index9841.html]
[www.instagram.com/yasaminjtehrani/indexd294.html]
[www.instagram.com/yasaminjtehrani/index0f5d.html]
[www.instagram.com/yasaminjtehrani/indexad0b.html]
[www.instagram.com/yasaminjtehrani/index5303.html]
[www.instagram.com/yasaminjtehrani/indexdb1e.html]
[www.instagram.com/yasaminjtehrani/indexe9b2.html]
[www.instagram.com/yasaminjtehrani/indexff11.html]
[www.instagram.com/yasaminjtehrani/indexf857.html]
[www.instagram.com/yasaminjtehrani/index882e.html]
[www.instagram.com/yasaminjtehrani/index6c7f.html]
[www.instagram.com/yasaminjtehrani/index241a.html]
[www.instagram.com/yasaminjtehrani/index327f.html]
[www.instagram.com/yasaminjtehrani/index3a7e.html]
[www.instagram.com/yasaminjtehrani/index030f.html]
[www.instagram.com/yasaminjtehrani/indexb058.html]
[www.instagram.com/yasaminjtehrani/index9d29.html]
[www.instagram.com/yasaminjtehrani/index0fe5.html]
[www.instagram.com/yasaminjtehrani/index2a81.html]
[www.instagram.com/yasaminjtehrani/indexc4e8.html]
[www.instagram.com/yasaminjtehrani/index53ad.html]
[www.instagram.com/yasaminjtehrani/index9d00.html]
[www.instagram.com/yasaminjtehrani/indexf4a3.html]
[www.instagram.com/yasaminjtehrani/indexfafd.html]
[www.instagram.com/yasaminjtehrani/index514d.html]
[www.instagram.com/yasaminjtehrani/android-app_/com.instagram.android/https/instagram.com/_u/yasaminjtehrani/index.html]
[www.instagram.com/yasaminjtehrani/theaustralian.com.html]
[www.instagram.com/yasaminjtehrani/news.com.html]
[www.instagram.com/yasaminjtehrani/kollosche.com.html]
[www.instagram.com/yasaminjtehrani/awstrack.html]
[www.yasaminjtehrani.com/portfolio/Trident/index.html]
[d3s2irdjyrlkk2.cloudfront.net/compiled/css/old_custom_page_assetsd3bc.css]
[d3s2irdjyrlkk2.cloudfront.net/compiled/css/components/builder_lists9242.css]
[d3s2irdjyrlkk2.cloudfront.net/compiled/css/components/custom-pagec662.css]
[fonts.googleapis.com/css5d2a.css]
[fonts.gstatic.com/s/lato/v23/S6uyw4BMUTPHjx4wWw.ttf]
[d3s2irdjyrlkk2.cloudfront.net/compiled/css/vendor/fonts/flexslider-icon.html]
[d3s2irdjyrlkk2.cloudfront.net/compiled/css/vendor/fonts/flexslider-icond41d.html]
[d3s2irdjyrlkk2.cloudfront.net/compiled/css/vendor/fonts/flexslider-icon-4.html]
[d3s2irdjyrlkk2.cloudfront.net/compiled/css/vendor/flexsliderde14.css]
[fonts.gstatic.com/s/inter/v12/UcCO3FwrK3iLTeHuS_fvQtMwCp50KnMw2boKoduKmMEVuOKfMZg.ttf]
[fonts.gstatic.com/s/inter/v12/UcCO3FwrK3iLTeHuS_fvQtMwCp50KnMw2boKoduKmMEVuLyfMZg.ttf]
[fonts.gstatic.com/s/inter/v12/UcCO3FwrK3iLTeHuS_fvQtMwCp50KnMw2boKoduKmMEVuI6fMZg.ttf]
[fonts.googleapis.com/css2b5a4.css]
[fonts.gstatic.com/s/inter/v12/UcCO3FwrK3iLTeHuS_fvQtMwCp50KnMw2boKoduKmMEVuGKYMZg.ttf]
[www.pixpa.com/website.15d.delayed]
[www.pixpa.com/index.html]
[www.pixpa.com/fr/index.html]
[www.pixpa.com/es/index.html]
[www.pixpa.com/pt/index.html]
[www.pixpa.com/de/index.html]
[www.pixpa.com/nl/index.html]
[www.pixpa.com/es.html]
[www.pixpa.com/ja/index.html]
[www.pixpa.com/es/websites.html]
[www.pixpa.com/ru/index.html]
[www.pixpa.com/es/stores.html]
[www.pixpa.com/es/ecommerce/galleries.html]
[www.pixpa.com/es/clientgalleries.html]
[www.pixpa.com/es/websites/mobile-gallery-apps.html]
[www.pixpa.com/es/start-blog.html]
[www.pixpa.com/es/tour/photography-website.html]
[www.pixpa.com/es/tour/graphic-design-portfolio.html]
[www.pixpa.com/es/tour/artist-website.html]
[www.pixpa.com/es/online-portfolio.html]
[www.pixpa.com/es/tour/model-website.html]
[www.pixpa.com/es/tour/fashion-design-portfolio.html]
[www.pixpa.com/es/tour/architecture-portfolio.html]
[www.pixpa.com/es/templates.html]
[www.pixpa.com/es/examples.html]
[www.pixpa.com/es/pricing]
[www.pixpa.com/es/why-pixpa.html]
[www.pixpa.com/es/blog.html]
[www.pixpa.com/es/clients.html]
[www.pixpa.com/es/students.html]
[www.pixpa.com/es/integrations.html]
[www.pixpa.com/es/partnerdeals.html]
[www.pixpa.com/es/affiliate]
[www.pixpa.com/es/website]
[www.pixpa.com/es/affiliates.html]
[www.pixpa.com/es/blog/seo-photographers.html]
[www.pixpa.com/es/features.html]
[www.pixpa.com/es/tour/wedding-website.html]
[www.pixpa.com/es/examples/photography.html]
[www.pixpa.com/es/examples/design.html]
[www.pixpa.com/es/examples/art.html]
[www.pixpa.com/es/examples/fashion.html]
[www.pixpa.com/es/examples/weddings.html]
[www.pixpa.com/es/examples/stores.html]
[www.pixpa.com/es/examples/design/architecture.html]
[www.pixpa.com/es/examples/client-galleries.html]
[www.pixpa.com/es/about-us.html]
[www.pixpa.com/es/contact-us]
[www.pixpa.com/es/terms-of-use.html]
[www.pixpa.com/es/index1a88.html]
[www.pixpa.com/es/privacy-policy.html]
[www.pixpa.com/fr.html]
[www.pixpa.com/fr/websites.html]
[www.pixpa.com/fr/stores.html]
[www.pixpa.com/fr/ecommerce/galleries.html]
[www.pixpa.com/fr/clientgalleries.html]
[www.pixpa.com/fr/websites/mobile-gallery-apps.html]
[www.pixpa.com/fr/start-blog.html]
[www.pixpa.com/fr/tour/photography-website.html]
[www.pixpa.com/fr/tour/graphic-design-portfolio.html]
[www.pixpa.com/fr/tour/artist-website.html]
[www.pixpa.com/fr/online-portfolio.html]
[www.pixpa.com/fr/tour/model-website.html]
[www.pixpa.com/fr/tour/fashion-design-portfolio.html]
[www.pixpa.com/fr/tour/architecture-portfolio.html]
[www.pixpa.com/fr/templates.html]
[www.pixpa.com/fr/examples.html]
[www.pixpa.com/fr/pricing]
[www.pixpa.com/fr/why-pixpa.html]
[www.pixpa.com/fr/blog.html]
[www.pixpa.com/fr/clients.html]
[www.pixpa.com/fr/students.html]
[www.pixpa.com/fr/integrations.html]
[www.pixpa.com/fr/affiliate]
[www.pixpa.com/fr/partnerdeals.html]
[www.pixpa.com/fr/website]
[www.pixpa.com/fr/affiliates.html]
[www.pixpa.com/fr/blog/seo-photographers.html]
[www.pixpa.com/fr/features.html]
[www.pixpa.com/fr/tour/wedding-website.html]
[www.pixpa.com/fr/examples/photography.html]
[www.pixpa.com/fr/examples/design.html]
[www.pixpa.com/fr/examples/art.html]
[www.pixpa.com/fr/examples/fashion.html]
[www.pixpa.com/fr/examples/weddings.html]
[www.pixpa.com/fr/examples/stores.html]
[www.pixpa.com/fr/examples/design/architecture.html]
[www.pixpa.com/fr/examples/client-galleries.html]
[www.pixpa.com/fr/about-us.html]
[www.pixpa.com/fr/contact-us]
[www.pixpa.com/fr/index1a88.html]
[www.pixpa.com/fr/terms-of-use.html]
[www.pixpa.com/fr/privacy-policy.html]
[www.pixpa.com/de.html]
[www.pixpa.com/de/websites.html]
[www.pixpa.com/de/stores.html]
[www.pixpa.com/de/ecommerce/galleries.html]
[www.pixpa.com/de/clientgalleries.html]
[www.pixpa.com/de/websites/mobile-gallery-apps.html]
[www.pixpa.com/de/start-blog.html]
[www.pixpa.com/de/tour/photography-website.html]
[www.pixpa.com/de/tour/graphic-design-portfolio.html]
[www.pixpa.com/de/tour/artist-website.html]
[www.pixpa.com/de/online-portfolio.html]
[www.pixpa.com/de/tour/model-website.html]
[www.pixpa.com/de/tour/fashion-design-portfolio.html]
[www.pixpa.com/de/tour/architecture-portfolio.html]
[www.pixpa.com/de/templates.html]
[www.pixpa.com/de/examples.html]
[www.pixpa.com/de/pricing]
[www.pixpa.com/de/why-pixpa.html]
[www.pixpa.com/de/blog.html]
[www.pixpa.com/de/clients.html]
[www.pixpa.com/de/students.html]
[www.pixpa.com/de/integrations.html]
[www.pixpa.com/de/affiliate]
[www.pixpa.com/de/partnerdeals.html]
[www.pixpa.com/de/affiliates.html]
[www.pixpa.com/de/website]
[www.pixpa.com/de/blog/seo-photographers.html]
[www.pixpa.com/de/features.html]
[www.pixpa.com/de/tour/wedding-website.html]
[www.pixpa.com/de/examples/photography.html]
[www.pixpa.com/de/examples/design.html]
[www.pixpa.com/de/examples/art.html]
[www.pixpa.com/de/examples/fashion.html]
[www.pixpa.com/de/examples/weddings.html]
[www.pixpa.com/de/examples/stores.html]
[www.pixpa.com/de/examples/design/architecture.html]
[www.pixpa.com/de/examples/client-galleries.html]
[www.pixpa.com/de/about-us.html]
[www.pixpa.com/de/contact-us]
[www.pixpa.com/de/index1a88.html]
[www.pixpa.com/de/terms-of-use.html]
[www.pixpa.com/de/privacy-policy.html]
[www.pixpa.com/pt.html]
[www.pixpa.com/pt/websites.html]
[www.pixpa.com/pt/stores.html]
[www.pixpa.com/pt/ecommerce/galleries.html]
[www.pixpa.com/pt/clientgalleries.html]
[www.pixpa.com/pt/websites/mobile-gallery-apps.html]
[www.pixpa.com/pt/start-blog.html]
[www.pixpa.com/pt/tour/photography-website.html]
[www.pixpa.com/pt/tour/graphic-design-portfolio.html]
[www.pixpa.com/pt/tour/artist-website.html]
[www.pixpa.com/pt/online-portfolio.html]
[www.pixpa.com/pt/tour/model-website.html]
[www.pixpa.com/pt/tour/fashion-design-portfolio.html]
[www.pixpa.com/pt/tour/architecture-portfolio.html]
[www.pixpa.com/pt/templates.html]
[www.pixpa.com/pt/examples.html]
[www.pixpa.com/pt/pricing]
[www.pixpa.com/pt/why-pixpa.html]
[www.pixpa.com/pt/blog.html]
[www.pixpa.com/pt/clients.html]
[www.pixpa.com/pt/students.html]
[www.pixpa.com/pt/integrations.html]
[www.pixpa.com/pt/partnerdeals.html]
[www.pixpa.com/pt/affiliate]
[www.pixpa.com/pt/affiliates.html]
[www.pixpa.com/pt/website]
[www.pixpa.com/pt/blog/seo-photographers.html]
[www.pixpa.com/pt/features.html]
[www.pixpa.com/pt/tour/wedding-website.html]
[www.pixpa.com/pt/examples/photography.html]
[www.pixpa.com/pt/examples/design.html]
[www.pixpa.com/pt/examples/art.html]
[www.pixpa.com/pt/examples/fashion.html]
[www.pixpa.com/pt/examples/weddings.html]
[www.pixpa.com/pt/examples/stores.html]
[www.pixpa.com/pt/examples/design/architecture.html]
[www.pixpa.com/pt/examples/client-galleries.html]
[www.pixpa.com/pt/about-us.html]
[www.pixpa.com/pt/contact-us]
[www.pixpa.com/pt/index1a88.html]
[www.pixpa.com/pt/terms-of-use.html]
[www.pixpa.com/pt/privacy-policy.html]
[www.pixpa.com/nl.html]
[www.pixpa.com/nl/websites.html]
[www.pixpa.com/nl/stores.html]
[www.pixpa.com/nl/ecommerce/galleries.html]
[www.pixpa.com/nl/clientgalleries.html]
[www.pixpa.com/nl/websites/mobile-gallery-apps.html]
[www.pixpa.com/nl/start-blog.html]
[www.pixpa.com/nl/tour/photography-website.html]
[www.pixpa.com/nl/tour/graphic-design-portfolio.html]
[www.pixpa.com/nl/tour/artist-website.html]
[www.pixpa.com/nl/online-portfolio.html]
[www.pixpa.com/nl/tour/model-website.html]
[www.pixpa.com/nl/tour/fashion-design-portfolio.html]
[www.pixpa.com/nl/tour/architecture-portfolio.html]
[www.pixpa.com/nl/templates.html]
[www.pixpa.com/nl/examples.html]
[www.pixpa.com/nl/pricing]
[www.pixpa.com/nl/why-pixpa.html]
[www.pixpa.com/nl/blog.html]
[www.pixpa.com/nl/clients.html]
[www.pixpa.com/nl/students.html]
[www.pixpa.com/nl/integrations.html]
[www.pixpa.com/nl/affiliate]
[www.pixpa.com/nl/partnerdeals.html]
[www.pixpa.com/nl/website]
[www.pixpa.com/nl/affiliates.html]
[www.pixpa.com/nl/blog/seo-photographers.html]
[www.pixpa.com/nl/features.html]
[www.pixpa.com/nl/tour/wedding-website.html]
[www.pixpa.com/nl/examples/photography.html]
[www.pixpa.com/nl/examples/design.html]
[www.pixpa.com/nl/examples/art.html]
[www.pixpa.com/nl/examples/fashion.html]
[www.pixpa.com/nl/examples/weddings.html]
[www.pixpa.com/nl/examples/stores.html]
[www.pixpa.com/nl/examples/design/architecture.html]
[www.pixpa.com/nl/examples/client-galleries.html]
[www.pixpa.com/nl/about-us.html]
[www.pixpa.com/nl/contact-us]
[www.pixpa.com/nl/terms-of-use.html]
[www.pixpa.com/nl/index1a88.html]
[www.pixpa.com/nl/privacy-policy.html]
[www.pixpa.com/ru.html]
[www.pixpa.com/ru/websites.html]
[www.pixpa.com/ru/stores.html]
[www.pixpa.com/ru/ecommerce/galleries.html]
[www.pixpa.com/ru/clientgalleries.html]
[www.pixpa.com/ru/websites/mobile-gallery-apps.html]
[www.pixpa.com/ru/start-blog.html]
[www.pixpa.com/ru/tour/photography-website.html]
[www.pixpa.com/ru/tour/graphic-design-portfolio.html]
[www.pixpa.com/ru/tour/artist-website.html]
[www.pixpa.com/ru/online-portfolio.html]
[www.pixpa.com/ru/tour/model-website.html]
[www.pixpa.com/ru/tour/fashion-design-portfolio.html]
[www.pixpa.com/ru/tour/architecture-portfolio.html]
[www.pixpa.com/ru/templates.html]
[www.pixpa.com/ru/examples.html]
[www.pixpa.com/ru/pricing]
[www.pixpa.com/ru/why-pixpa.html]
[www.pixpa.com/ru/blog.html]
[www.pixpa.com/ru/clients.html]
[www.pixpa.com/ru/students.html]
[www.pixpa.com/ru/integrations.html]
[www.pixpa.com/ru/partnerdeals.html]
[www.pixpa.com/ru/affiliate]
[www.pixpa.com/ru/website]
[www.pixpa.com/ru/affiliates.html]
[www.pixpa.com/ru/blog/seo-photographers.html]
[www.pixpa.com/ru/features.html]
[www.pixpa.com/ru/tour/wedding-website.html]
[www.pixpa.com/ru/examples/photography.html]
[www.pixpa.com/ru/examples/design.html]
[www.pixpa.com/ru/examples/art.html]
[www.pixpa.com/ru/examples/fashion.html]
[www.pixpa.com/ru/examples/weddings.html]
[www.pixpa.com/ru/examples/stores.html]
[www.pixpa.com/ru/examples/design/architecture.html]
[www.pixpa.com/ru/examples/client-galleries.html]
[www.pixpa.com/ru/about-us.html]
[www.pixpa.com/ru/contact-us]
[www.pixpa.com/ru/index1a88.html]
[www.pixpa.com/ru/terms-of-use.html]
[www.pixpa.com/ru/privacy-policy.html]
[www.pixpa.com/ja.html]
[www.pixpa.com/ja/websites.html]
[www.pixpa.com/ja/stores.html]
[www.pixpa.com/ja/ecommerce/galleries.html]
[www.pixpa.com/ja/clientgalleries.html]
[www.pixpa.com/ja/websites/mobile-gallery-apps.html]
[www.pixpa.com/ja/start-blog.html]
[www.pixpa.com/ja/tour/photography-website.html]
[www.pixpa.com/ja/tour/graphic-design-portfolio.html]
[www.pixpa.com/ja/tour/artist-website.html]
[www.pixpa.com/ja/online-portfolio.html]
[www.pixpa.com/ja/tour/model-website.html]
[www.pixpa.com/ja/tour/fashion-design-portfolio.html]
[www.pixpa.com/ja/tour/architecture-portfolio.html]
[www.pixpa.com/ja/templates.html]
[www.pixpa.com/ja/examples.html]
[www.pixpa.com/ja/pricing]
[www.pixpa.com/ja/why-pixpa.html]
[www.pixpa.com/ja/blog.html]
[www.pixpa.com/ja/clients.html]
[www.pixpa.com/ja/students.html]
[www.pixpa.com/ja/integrations.html]
[www.pixpa.com/ja/partnerdeals.html]
[www.pixpa.com/ja/affiliate]
[www.pixpa.com/ja/website]
[www.pixpa.com/ja/affiliates.html]
[www.pixpa.com/ja/blog/seo-photographers.html]
[www.pixpa.com/ja/features.html]
[www.pixpa.com/ja/tour/wedding-website.html]
[www.pixpa.com/ja/examples/photography.html]
[www.pixpa.com/ja/examples/design.html]
[www.pixpa.com/ja/examples/art.html]
[www.pixpa.com/ja/examples/fashion.html]
[www.pixpa.com/ja/examples/weddings.html]
[www.pixpa.com/ja/examples/stores.html]
[www.pixpa.com/ja/examples/design/architecture.html]
[www.pixpa.com/ja/examples/client-galleries.html]
[www.pixpa.com/ja/about-us.html]
[www.pixpa.com/ja/contact-us]
[www.pixpa.com/ja/index1a88.html]
[www.pixpa.com/ja/terms-of-use.html]
[www.pixpa.com/ja/privacy-policy.html]
[www.pixpa.com/websites.html]
[www.pixpa.com/pixpacom/css/vendor/flexslider.css]
[www.pixpa.com/stores.html]
[www.pixpa.com/ecommerce/galleries.html]
[www.pixpa.com/features/ecommerce.html]
[www.pixpa.com/clientgalleries.html]
[www.pixpa.com/websites/mobile-gallery-apps.html]
[www.pixpa.com/features/clientgalleries.html]
[www.pixpa.com/blog/blog-websites.html]
[www.pixpa.com/start-blog.html]
[www.pixpa.com/blog/how-to-write-blog-post.html]
[www.pixpa.com/templates/photography.html]
[www.pixpa.com/blog/photography-portfolio-websites.html]
[www.pixpa.com/blog/how-to-become-a-professional-photographer.html]
[www.pixpa.com/blog/types-of-photography.html]
[www.pixpa.com/blog/photography-tips.html]
[www.pixpa.com/blog/how-to-design-a-website.html]
[www.pixpa.com/tour/photography-website.html]
[www.pixpa.com/blog/write-portfolio-website-content.html]
[www.pixpa.com/templates/design.html]
[www.pixpa.com/blog/best-ux-designer-portfolio.html]
[www.pixpa.com/blog/design-blogs.html]
[www.pixpa.com/tour/graphic-design-portfolio.html]
[www.pixpa.com/blog/customer-retention.html]
[www.pixpa.com/templates/art]
[www.pixpa.com/templates/art-and-illustration.html]
[www.pixpa.com/blog/artist-portfolio-websites.html]
[www.pixpa.com/blog/social-media-marketing.html]
[www.pixpa.com/blog/how-to-write-an-artist-statement.html]
[www.pixpa.com/tour/artist-website.html]
[www.pixpa.com/blog/create-ecommerce-website.html]
[www.pixpa.com/online-portfolio.html]
[www.pixpa.com/blog/best-website-builders.html]
[www.pixpa.com/blog/fashion-photography-portfolios.html]
[www.pixpa.com/templates/fashion.html]
[www.pixpa.com/blog/modeling-portfolio.html]
[www.pixpa.com/blog/tips-for-aspiring-fashion-models.html]
[www.pixpa.com/tour/model-website.html]
[www.pixpa.com/blog/types-of-models.html]
[www.pixpa.com/tour/fashion-design-portfolio.html]
[www.pixpa.com/blog/fashion-photography-guide.html]
[www.pixpa.com/templates/architecture.html]
[www.pixpa.com/blog/architecture-portfolio-websites.html]
[www.pixpa.com/blog/make-your-online-portfolio-standout]
[www.pixpa.com/tour/architecture-portfolio.html]
[www.pixpa.com/templates/popular.html]
[www.pixpa.com/templates/new.html]
[www.pixpa.com/templates/portfolio.html]
[www.pixpa.com/templates/store.html]
[www.pixpa.com/templates/business.html]
[www.pixpa.com/templates/blog.html]
[www.pixpa.com/templates/onepage.html]
[www.pixpa.com/templates/graphic-and-web.html]
[www.pixpa.com/templates/music-and-performingarts.html]
[www.pixpa.com/templates/models-and-actors.html]
[www.pixpa.com/templates/beauty-and-style.html]
[www.pixpa.com/templates/health-and-wellness.html]
[www.pixpa.com/templates/personal-and-cv.html]
[www.pixpa.com/templates/travel-and-experiences.html]
[www.pixpa.com/templates/weddings-and-lifestyle.html]
[www.pixpa.com/templates/services-and-consulting.html]
[www.pixpa.com/templates/food-and-restaurants.html]
[www.pixpa.com/templates.html]
[www.pixpa.com/template/preview/index350d.html]
[www.pixpa.com/templates/real-estate.html]
[www.pixpa.com/template/preview/index7f32.html]
[www.pixpa.com/template/preview/index21cf.html]
[www.pixpa.com/template/preview/index6988.html]
[www.pixpa.com/template/preview/index6643.html]
[www.pixpa.com/template/preview/index0d05.html]
[www.pixpa.com/examples/business.html]
[www.pixpa.com/template/preview/index0f92.html]
[www.pixpa.com/template/preview/index2b2d.html]
[www.pixpa.com/template/preview/indexc905.html]
[www.pixpa.com/examples/blogs.html]
[www.pixpa.com/template/preview/index2c2a.html]
[www.pixpa.com/template/preview/index92a4.html]
[www.pixpa.com/examples/photography/wedding-photography.html]
[www.pixpa.com/template/preview/indexf2ad.html]
[www.pixpa.com/examples/photography/family-photography.html]
[www.pixpa.com/template/preview/indexada3.html]
[www.pixpa.com/template/preview/index4483.html]
[www.pixpa.com/template/preview/index6e83.html]
[www.pixpa.com/examples/photography/newborn-photography.html]
[www.pixpa.com/template/preview/indexb3ef.html]
[www.pixpa.com/template/preview/index59d1.html]
[www.pixpa.com/template/preview/index8ec9.html]
[www.pixpa.com/examples/photography/food-photography.html]
[www.pixpa.com/template/preview/index4840.html]
[www.pixpa.com/template/preview/index89fd.html]
[www.pixpa.com/template/preview/indexe676.html]
[www.pixpa.com/examples/photography/event-photography.html]
[www.pixpa.com/template/preview/index7a50.html]
[www.pixpa.com/template/preview/indexf75a.html]
[www.pixpa.com/template/preview/index3866.html]
[www.pixpa.com/examples/photography/pet-photography.html]
[www.pixpa.com/template/preview/index230d.html]
[www.pixpa.com/template/preview/index44a5.html]
[www.pixpa.com/template/preview/index7bd6.html]
[www.pixpa.com/examples/photography/interior-photography.html]
[www.pixpa.com/template/preview/indexac7d.html]
[www.pixpa.com/template/preview/indexb49b.html]
[www.pixpa.com/template/preview/index6832.html]
[www.pixpa.com/examples/photography/portrait-photography.html]
[www.pixpa.com/template/preview/indexd77b.html]
[www.pixpa.com/template/preview/indexf15b.html]
[www.pixpa.com/template/preview/index791d.html]
[www.pixpa.com/examples/photography/commercial-photography.html]
[www.pixpa.com/template/preview/indexa863.html]
[www.pixpa.com/template/preview/index64ca.html]
[www.pixpa.com/template/preview/index7f27.html]
[www.pixpa.com/examples/photography/editorial-photography.html]
[www.pixpa.com/template/preview/index7c79.html]
[www.pixpa.com/template/preview/index472f.html]
[www.pixpa.com/template/preview/index5b64.html]
[www.pixpa.com/examples/photography/fine-art-photography.html]
[www.pixpa.com/template/preview/index38a1.html]
[www.pixpa.com/template/preview/indexe2ea.html]
[www.pixpa.com/template/preview/index6933.html]
[www.pixpa.com/examples/photography/architectural-photography.html]
[www.pixpa.com/template/preview/indexfd90.html]
[www.pixpa.com/template/preview/index6e1c.html]
[www.pixpa.com/template/preview/index52cb.html]
[www.pixpa.com/examples/photography/real-estate-photography.html]
[www.pixpa.com/template/preview/indexac8b.html]
[www.pixpa.com/template/preview/index2c42.html]
[www.pixpa.com/template/preview/index3300.html]
[www.pixpa.com/examples/photography/photojournalism.html]
[www.pixpa.com/template/preview/index29b2.html]
[www.pixpa.com/template/preview/index2528.html]
[www.pixpa.com/template/preview/index63b6.html]
[www.pixpa.com/examples/photography/black-and-white-photography.html]
[www.pixpa.com/template/preview/indexafaf.html]
[www.pixpa.com/template/preview/index1057.html]
[www.pixpa.com/template/preview/index2355.html]
[www.pixpa.com/examples/photography/sports-photography.html]
[www.pixpa.com/template/preview/index82d1.html]
[www.pixpa.com/template/preview/indexf8fa.html]
[www.pixpa.com/template/preview/indexa1bf.html]
[www.pixpa.com/examples/photography/maternity-photography.html]
[www.pixpa.com/template/preview/index4aae.html]
[www.pixpa.com/template/preview/index03a3.html]
[www.pixpa.com/template/preview/index355e.html]
[www.pixpa.com/examples/photography/nature-photography.html]
[www.pixpa.com/template/preview/index1bf8.html]
[www.pixpa.com/template/preview/indexd017.html]
[www.pixpa.com/template/preview/index98c5.html]
[www.pixpa.com/examples/photography/fashion-photography.html]
[www.pixpa.com/template/preview/index6916.html]
[www.pixpa.com/template/preview/index7d8b.html]
[www.pixpa.com/template/preview/indexa358.html]
[www.pixpa.com/examples/photography/videography.html]
[www.pixpa.com/template/preview/index5821.html]
[www.pixpa.com/template/preview/index4a52.html]
[www.pixpa.com/template/preview/indexb9d4.html]
[www.pixpa.com/themes]
[www.pixpa.com/examples.html]
[www.pixpa.com/template/preview/index771e.html]
[www.pixpa.com/template/preview/index2489.html]
[www.pixpa.com/template/preview/indexd18f.html]
[www.pixpa.com/pricing.html]
[www.pixpa.com/template/preview/indexe8e9.html]
[www.pixpa.com/why-pixpa.html]
[www.pixpa.com/template/preview/indexb806.html]
[www.pixpa.com/template/preview/index34b4.html]
[www.pixpa.com/template/preview/indexaad5.html]
[www.pixpa.com/template/preview/index83d6.html]
[www.pixpa.com/template/preview/indexe281.html]
[www.pixpa.com/template/preview/indexf84e.html]
[www.pixpa.com/template/preview/index6eed.html]
[www.pixpa.com/template/preview/index7f23.html]
[www.pixpa.com/template/preview/indexa46d.html]
[www.pixpa.com/template/preview/index63ff.html]
[www.pixpa.com/blog/tag/photography.html]
[www.pixpa.com/template/preview/indexe1a2.html]
[www.pixpa.com/template/preview/index3476.html]
[www.pixpa.com/template/preview/index69d0.html]
[www.pixpa.com/blog/tag/design.html]
[www.pixpa.com/template/preview/indexe71c.html]
[www.pixpa.com/template/preview/indexd085.html]
[www.pixpa.com/template/preview/indexfc26.html]
[www.pixpa.com/blog/tag/fashion.html]
[www.pixpa.com/template/preview/index4935.html]
[www.pixpa.com/template/preview/indexe2d1.html]
[www.pixpa.com/template/preview/index89f7.html]
[www.pixpa.com/blog/tag/art.html]
[www.pixpa.com/template/preview/index5f12.html]
[www.pixpa.com/template/preview/index17f5.html]
[www.pixpa.com/template/preview/index0a1f.html]
[www.pixpa.com/blog/tag/business.html]
[www.pixpa.com/template/preview/indexdd7c.html]
[www.pixpa.com/template/preview/indexf6c4.html]
[www.pixpa.com/template/preview/indexcca7.html]
[www.pixpa.com/blog/tag/learn.html]
[www.pixpa.com/template/preview/index78ce.html]
[www.pixpa.com/template/preview/index8767.html]
[www.pixpa.com/template/preview/index8fa4.html]
[www.pixpa.com/blog/tag/resources.html]
[www.pixpa.com/template/preview/index8d72.html]
[www.pixpa.com/template/preview/index281a.html]
[www.pixpa.com/template/preview/indexd899.html]
[www.pixpa.com/blog/tag/inspiration.html]
[www.pixpa.com/template/preview/indexb759.html]
[www.pixpa.com/template/preview/indexcf8f.html]
[www.pixpa.com/template/preview/indexc6d3.html]
[www.pixpa.com/blog/best-website-builders-for-photographers.html]
[www.pixpa.com/template/preview/indexd983.html]
[www.pixpa.com/template/preview/indexc298.html]
[www.pixpa.com/template/preview/indexf3ec.html]
[www.pixpa.com/blog/photography-blogs.html]
[www.pixpa.com/template/preview/index232c.html]
[www.pixpa.com/template/preview/index4f80.html]
[www.pixpa.com/template/preview/index1a9f.html]
[www.pixpa.com/blog/online-photography-communities-to-follow.html]
[www.pixpa.com/template/preview/index5788.html]
[www.pixpa.com/template/preview/index5cc1.html]
[www.pixpa.com/template/preview/indexcff4.html]
[www.pixpa.com/blog/studio-portrait.html]
[www.pixpa.com/template/preview/index194c.html]
[www.pixpa.com/template/preview/index2cc3.html]
[www.pixpa.com/template/preview/index5627.html]
[www.pixpa.com/blog/tag/all.html]
[www.pixpa.com/template/preview/indexa218.html]
[www.pixpa.com/template/preview/index09d5.html]
[www.pixpa.com/template/preview/index08bf.html]
[www.pixpa.com/blog/sony-world-photography-awards.html]
[www.pixpa.com/template/preview/index1657.html]
[www.pixpa.com/template/preview/index0ade.html]
[www.pixpa.com/template/preview/index4725.html]
[www.pixpa.com/blog/tripod-guide.html]
[www.pixpa.com/template/preview/index9362.html]
[www.pixpa.com/template/preview/index5db3.html]
[www.pixpa.com/template/preview/indexa3f5.html]
[www.pixpa.com/blog/street-photography.html]
[www.pixpa.com/template/preview/indexb202.html]
[www.pixpa.com/template/preview/index50e8.html]
[www.pixpa.com/template/preview/indexe6e0.html]
[www.pixpa.com/blog/networking-tips.html]
[www.pixpa.com/example/preview/index6b25.html]
[www.pixpa.com/example/preview/index1b67.html]
[www.pixpa.com/example/preview/index4975.html]
[www.pixpa.com/blog/vector-art.html]
[www.pixpa.com/example/preview/indexe5b5.html]
[www.pixpa.com/example/preview/indexc4cb.html]
[www.pixpa.com/example/preview/index4166.html]
[www.pixpa.com/blog/photography-business-names.html]
[www.pixpa.com/example/preview/indexfc45.html]
[www.pixpa.com/example/preview/index52aa.html]
[www.pixpa.com/example/preview/index60b6.html]
[www.pixpa.com/blog/certificate-of-authenticity.html]
[www.pixpa.com/example/preview/indexdfec.html]
[www.pixpa.com/example/preview/index786c.html]
[www.pixpa.com/example/preview/indexfe35.html]
[www.pixpa.com/blog/photography-packages.html]
[www.pixpa.com/example/preview/index4194.html]
[www.pixpa.com/example/preview/indexe262.html]
[www.pixpa.com/example/preview/index1f44.html]
[www.pixpa.com/blog/restaurant-website.html]
[www.pixpa.com/example/preview/index3939.html]
[www.pixpa.com/example/preview/index61dd.html]
[www.pixpa.com/example/preview/indexc1be.html]
[www.pixpa.com/blog/freelancer-portfolio.html]
[www.pixpa.com/example/preview/indexd274.html]
[www.pixpa.com/example/preview/index6b2f.html]
[www.pixpa.com/example/preview/indexf3e1.html]
[www.pixpa.com/blog/best-photoshop-alternatives.html]
[www.pixpa.com/example/preview/index2b5b.html]
[www.pixpa.com/example/preview/indexc7d1.html]
[www.pixpa.com/example/preview/index21ac.html]
[www.pixpa.com/blog/principles-of-design.html]
[www.pixpa.com/example/preview/indexbbfa.html]
[www.pixpa.com/example/preview/indexba9f.html]
[www.pixpa.com/example/preview/index3f3a.html]
[www.pixpa.com/blog/animation-websites.html]
[www.pixpa.com/example/preview/indexaf26.html]
[www.pixpa.com/example/preview/index1406.html]
